

Version:	3.50
CmdLine:	C:\Users\eliudnjoroo\Desktop\official-lanego-farmers-app\dist\lanego2.exe --l4j-debug
JNI:		No
WOW64:		Yes
Working dir:	C:\Users\eliudnjoroo\Desktop\official-lanego-farmers-app\dist\.
Requires JDK:	No
Requires 64-Bit: No
Java min ver:	1.017.000_000
Java max ver:	
JRE paths:	..\jre
Check launcher:	C:\Users\eliudnjoroo\Desktop\official-lanego-farmers-app\dist\..\jre\bin\javaw.exe (OK)
Version string: 1.021.000_007 / 64-Bit (OK)
Launcher:	C:\Users\eliudnjoroo\Desktop\official-lanego-farmers-app\dist\..\jre\bin\javaw.exe
Launcher args:	-jar "C:\Users\eliudnjoroo\Desktop\official-lanego-farmers-app\dist\lanego2.exe"
Args length:	80/32768 chars
Exit code:	0


Version:	3.50
CmdLine:	C:\Users\eliudnjoroo\Desktop\official-lanego-farmers-app\dist\lanego2.exe --l4j-debug
JNI:		No
WOW64:		Yes
Working dir:	C:\Users\eliudnjoroo\Desktop\official-lanego-farmers-app\dist\.
Requires JDK:	No
Requires 64-Bit: No
Java min ver:	1.017.000_000
Java max ver:	
JRE paths:	..\jre
Check launcher:	C:\Users\eliudnjoroo\Desktop\official-lanego-farmers-app\dist\..\jre\bin\javaw.exe (OK)
Version string: 1.021.000_007 / 64-Bit (OK)
Main class:	login.firstrun 
Add classpath:	..\lib\sqlite-jdbc-3.7.2.jar
Add classpath:	..\lib\AbsoluteLayout.jar
Add classpath:	..\lib\xchart-3.8.5.jar
Launcher:	C:\Users\eliudnjoroo\Desktop\official-lanego-farmers-app\dist\..\jre\bin\javaw.exe
Launcher args:	-classpath "C:\Users\eliudnjoroo\Desktop\official-lanego-farmers-app\dist\lanego2.exe;..\lib\sqlite-jdbc-3.7.2.jar;..\lib\AbsoluteLayout.jar;..\lib\xchart-3.8.5.jar" login.firstrun 
Args length:	181/32768 chars
Exit code:	0
